// Jest Snapshot v1, https://goo.gl/fbAQLP

exports[`should render expenlist 1`] = `
<div>
  <ExpenseListItem
    amount={195}
    createdAt={0}
    description="Gum"
    id="1"
    key="1"
    note=""
  />
  <ExpenseListItem
    amount={109500}
    createdAt={-345600000}
    description="rent"
    id="2"
    key="2"
    note=""
  />
  <ExpenseListItem
    amount={4500}
    createdAt={345600000}
    description="credit card"
    id="1"
    key="1"
    note=""
  />
</div>
`;

exports[`should render with empty array 1`] = `
<div>
  <p>
    No expenses...yet
  </p>
</div>
`;
