// Jest Snapshot v1, https://goo.gl/fbAQLP

exports[`not found renderer 1`] = `
<div>
  404 not found!
  <Link
    to="/"
  >
     Go home
  </Link>
</div>
`;
